// Jest Snapshot v1, https://goo.gl/fbAQLP

exports[`CharacterPowerLevelRadarChart Component should render CharacterPowerLevelRadarChart 1`] = `
<div>
  <Component
    chartOptions={
      Object {
        "scale": Object {
          "ticks": Object {
            "display": false,
            "maxTicksLimit": 3,
          },
        },
      }
    }
    data={
      Object {
        "label": "Radar chart of awesomeness",
      }
    }
  />
</div>
`;
